// Jest Snapshot v1, https://goo.gl/fbAQLP

exports[`createFile converts object to string async 1`] = `
"{
    \\"packageJson\\": \\"test\\"
}
"
`;

exports[`createFile converts object to string sync 1`] = `
"{
    \\"packageJson\\": \\"test\\"
}
"
`;

exports[`deleteFile handles root async 1`] = `[Error: Use sandbox.destroySandbox() to delete the sandbox.]`;

exports[`deleteFile handles root sync 1`] = `[Error: Use sandbox.destroySandbox() to delete the sandbox.]`;

exports[`setups initial sandbox 1`] = `
TempSandbox {
  "absolutePath": [Function bound absolutePath],
  "clean": [Function bound clean],
  "cleanSync": [Function bound cleanSync],
  "createDir": [Function bound createDir],
  "createDirSync": [Function bound createDirSync],
  "createFile": [Function bound createFile],
  "createFileSync": [Function bound createFileSync],
  "deleteFile": [Function bound deleteFile],
  "deleteFileSync": [Function bound deleteFileSync],
  "destroySandbox": [Function bound destroySandbox],
  "destroySandboxSync": [Function bound destroySandboxSync],
  "dir": "<TEMP_DIR>/temp-sandbox-sandbox/src/temp-sandbox.test-dir",
  "getAllFilesHash": [Function bound getAllFilesHash],
  "getAllFilesHashSync": [Function bound getAllFilesHashSync],
  "getFileHash": [Function bound getFileHash],
  "getFileHashSync": [Function bound getFileHashSync],
  "getFileList": [Function bound getFileList],
  "getFileListSync": [Function bound getFileListSync],
  "readFile": [Function bound readFile],
  "readFileSync": [Function bound readFileSync],
}
`;
