// Jest Snapshot v1, https://goo.gl/fbAQLP

exports[`createFile converts object to string async 1`] = `
"{
    \\"packageJson\\": \\"test\\"
}
"
`;

exports[`createFile converts object to string sync 1`] = `
"{
    \\"packageJson\\": \\"test\\"
}
"
`;

exports[`delete handles root async 1`] = `[Error: Use sandbox.destroySandbox() to delete the sandbox.]`;

exports[`delete handles root sync 1`] = `[Error: Use sandbox.destroySandboxSync() to delete the sandbox.]`;

exports[`delete handles root with array async 1`] = `[Error: Use sandbox.destroySandbox() to delete the sandbox.]`;

exports[`delete handles root with array sync 1`] = `[Error: Use sandbox.destroySandboxSync() to delete the sandbox.]`;

exports[`path.relative cannot be outside sandbox dir 1`] = `[Error: <PROJECT_ROOT>/src/nested/path is outside sandbox]`;

exports[`path.relative second dir cannot be outside sandbox dir 1`] = `[Error: <PROJECT_ROOT>/src/nested/path is outside sandbox]`;

exports[`path.resolve does not allow paths outside of sandbox dir 1`] = `[Error: ../ is outside sandbox]`;

exports[`path.resolve handles path outside of sandbox dir 1`] = `[Error: <PROJECT_ROOT> is outside sandbox]`;
